// Jest Snapshot v1, https://goo.gl/fbAQLP

exports[`<Main /> should render the heading 1`] = `
<div>
  <h1>
    ElCubo.dev
  </h1>
  <p>
    Ajudamos sua empresa crescer desenvolvendo softwares Ã¡geis e personalizados.
  </p>
</div>
`;
